
> back@1.0.0 build
> npx prisma generate && tsc

npm : Loaded Prisma config from prisma.config.ts.
Au caractère Ligne:1 : 1
+ npm run build 2>&1 | Tee-Object -FilePath build-output.txt
+ ~~~~~~~~~~~~~~~~~~
    + CategoryInfo          : NotSpecified: (Loaded Prisma c...isma.config.ts. 
   :String) [], RemoteException
    + FullyQualifiedErrorId : NativeCommandError
 

Prisma config detected, skipping environment variable loading.
Prisma schema loaded from prisma\schema.prisma

Γ£ö Generated Prisma Client (6.19.2) to .\src\generated\prisma in 355ms

