error TS2688: Cannot find type definition file for 'express'.
  The file is in the program because:
    Entry point of type library 'express' specified in compilerOptions
error TS2688: Cannot find type definition file for 'node'.
  The file is in the program because:
    Entry point of type library 'node' specified in compilerOptions
